\BOOKMARK [1][-]{section.1}{\376\377\000I\000n\000t\000r\000o\000d\000u\000c\000t\000i\000o\000n\000:\000\040\000T\000h\000e\000\040\000O\000n\000t\000o\000l\000o\000g\000y\000\040\000o\000f\000\040\000t\000h\000e\000\040\000T\000h\000r\000e\000s\000h\000o\000l\000d}{}% 1
\BOOKMARK [1][-]{section.2}{\376\377\000T\000h\000e\000\040\000G\000e\000o\000m\000e\000t\000r\000y\000\040\000o\000f\000\040\000t\000h\000e\000\040\000S\000o\000l\000u\000t\000i\000o\000n\000\040\000S\000p\000a\000c\000e}{}% 2
\BOOKMARK [1][-]{section.3}{\376\377\000I\000n\000t\000e\000r\000n\000a\000l\000\040\000v\000e\000r\000s\000u\000s\000\040\000E\000x\000t\000e\000r\000n\000a\000l\000\040\000C\000o\000m\000p\000l\000e\000t\000i\000o\000n}{}% 3
\BOOKMARK [1][-]{section.4}{\376\377\000H\000e\000a\000d\000l\000e\000s\000s\000\040\000E\000x\000e\000c\000u\000t\000i\000o\000n\000\040\000a\000n\000d\000\040\000t\000h\000e\000\040\000D\000e\000c\000o\000u\000p\000l\000i\000n\000g\000\040\000o\000f\000\040\000t\000h\000e\000\040\000I\000n\000t\000e\000r\000f\000a\000c\000e}{}% 4
\BOOKMARK [1][-]{section.5}{\376\377\000T\000h\000e\000\040\000S\000c\000r\000i\000p\000t\000\040\000a\000s\000\040\000T\000r\000a\000j\000e\000c\000t\000o\000r\000y\000:\000\040\000E\000v\000e\000n\000t\000-\000H\000i\000s\000t\000o\000r\000y\000\040\000O\000n\000t\000o\000l\000o\000g\000y}{}% 5
\BOOKMARK [1][-]{section.6}{\376\377\000E\000n\000t\000r\000o\000p\000y\000\040\000C\000o\000l\000l\000a\000p\000s\000e\000\040\000A\000c\000r\000o\000s\000s\000\040\000R\000e\000p\000r\000e\000s\000e\000n\000t\000a\000t\000i\000o\000n\000a\000l\000\040\000L\000a\000y\000e\000r\000s}{}% 6
\BOOKMARK [1][-]{section.7}{\376\377\000C\000o\000n\000s\000t\000r\000a\000i\000n\000t\000\040\000A\000b\000s\000e\000n\000c\000e\000\040\000a\000n\000d\000\040\000S\000e\000m\000a\000n\000t\000i\000c\000\040\000C\000o\000l\000l\000a\000p\000s\000e}{}% 7
\BOOKMARK [2][-]{subsection.7.1}{\376\377\000C\000o\000l\000l\000a\000p\000s\000e\000\040\000a\000s\000\040\000t\000h\000e\000\040\000D\000u\000a\000l\000\040\000o\000f\000\040\000C\000l\000o\000s\000u\000r\000e}{section.7}% 8
\BOOKMARK [2][-]{subsection.7.2}{\376\377\000E\000m\000b\000e\000d\000d\000i\000n\000g\000\040\000S\000p\000a\000c\000e\000s\000\040\000a\000n\000d\000\040\000N\000e\000i\000g\000h\000b\000o\000r\000h\000o\000o\000d\000\040\000S\000e\000m\000a\000n\000t\000i\000c\000s}{section.7}% 9
\BOOKMARK [2][-]{subsection.7.3}{\376\377\000E\000n\000t\000r\000o\000p\000y\000\040\000a\000s\000\040\000a\000\040\000M\000e\000a\000s\000u\000r\000e\000\040\000o\000f\000\040\000C\000o\000n\000s\000t\000r\000a\000i\000n\000t\000\040\000F\000a\000i\000l\000u\000r\000e}{section.7}% 10
\BOOKMARK [2][-]{subsection.7.4}{\376\377\000T\000r\000i\000p\000l\000e\000t\000\040\000V\000i\000o\000l\000a\000t\000i\000o\000n\000s\000\040\000a\000s\000\040\000L\000o\000c\000a\000l\000\040\000C\000o\000l\000l\000a\000p\000s\000e\000\040\000E\000v\000e\000n\000t\000s}{section.7}% 11
\BOOKMARK [2][-]{subsection.7.5}{\376\377\000O\000p\000e\000r\000a\000t\000o\000r\000\040\000B\000l\000i\000n\000d\000n\000e\000s\000s\000\040\000a\000s\000\040\000C\000o\000n\000s\000t\000r\000a\000i\000n\000t\000\040\000D\000e\000f\000i\000c\000i\000e\000n\000c\000y}{section.7}% 12
\BOOKMARK [2][-]{subsection.7.6}{\376\377\000P\000r\000o\000o\000f\000i\000n\000g\000\040\000K\000e\000r\000n\000e\000l\000s\000\040\000a\000s\000\040\000C\000l\000o\000s\000u\000r\000e\000\040\000O\000p\000e\000r\000a\000t\000o\000r\000s}{section.7}% 13
\BOOKMARK [2][-]{subsection.7.7}{\376\377\000C\000o\000l\000l\000a\000p\000s\000e\000\040\000a\000n\000d\000\040\000C\000o\000m\000p\000l\000e\000t\000i\000o\000n\000\040\000a\000s\000\040\000D\000u\000a\000l\000\040\000P\000h\000e\000n\000o\000m\000e\000n\000a}{section.7}% 14
\BOOKMARK [1][-]{section.8}{\376\377\000S\000e\000m\000a\000n\000t\000i\000c\000\040\000S\000t\000r\000u\000c\000t\000u\000r\000e\000\040\000a\000s\000\040\000L\000o\000c\000a\000l\000\040\000F\000i\000e\000l\000d\000\040\000G\000e\000o\000m\000e\000t\000r\000y}{}% 15
\BOOKMARK [2][-]{subsection.8.1}{\376\377\000F\000r\000o\000m\000\040\000G\000l\000o\000b\000a\000l\000\040\000G\000e\000o\000m\000e\000t\000r\000y\000\040\000t\000o\000\040\000L\000o\000c\000a\000l\000\040\000S\000e\000m\000a\000n\000t\000i\000c\000\040\000F\000i\000e\000l\000d\000s}{section.8}% 16
\BOOKMARK [2][-]{subsection.8.2}{\376\377\000S\000e\000m\000a\000n\000t\000i\000c\000\040\000S\000h\000i\000f\000t\000\040\000a\000s\000\040\000E\000n\000t\000r\000o\000p\000i\000c\000\040\000F\000l\000o\000w}{section.8}% 17
\BOOKMARK [2][-]{subsection.8.3}{\376\377\000S\000e\000m\000a\000n\000t\000i\000c\000\040\000S\000h\000i\000f\000t\000\040\000a\000s\000\040\000a\000n\000\040\000E\000n\000t\000r\000o\000p\000y\000\040\000F\000u\000n\000c\000t\000i\000o\000n\000a\000l}{section.8}% 18
\BOOKMARK [2][-]{subsection.8.4}{\376\377\000H\000i\000e\000r\000a\000r\000c\000h\000i\000c\000a\000l\000\040\000S\000e\000m\000a\000n\000t\000i\000c\000s\000\040\000a\000n\000d\000\040\000C\000o\000n\000s\000t\000r\000a\000i\000n\000t\000\040\000P\000r\000o\000p\000a\000g\000a\000t\000i\000o\000n}{section.8}% 19
\BOOKMARK [2][-]{subsection.8.5}{\376\377\000F\000i\000e\000l\000d\000\040\000I\000n\000t\000e\000r\000p\000r\000e\000t\000a\000t\000i\000o\000n\000\040\000a\000n\000d\000\040\000R\000S\000V\000P\000\040\000C\000o\000r\000r\000e\000s\000p\000o\000n\000d\000e\000n\000c\000e}{section.8}% 20
\BOOKMARK [2][-]{subsection.8.6}{\376\377\000O\000n\000e\000\040\000S\000w\000a\000l\000l\000o\000w\000\040\000D\000o\000e\000s\000\040\000N\000o\000t\000\040\000M\000a\000k\000e\000\040\000a\000\040\000S\000u\000m\000m\000e\000r}{section.8}% 21
\BOOKMARK [1][-]{section.9}{\376\377\000R\000e\000a\000l\000i\000z\000a\000t\000i\000o\000n\000\040\000G\000e\000o\000m\000e\000t\000r\000y\000\040\000a\000n\000d\000\040\000S\000e\000m\000a\000n\000t\000i\000c\000\040\000Q\000u\000o\000t\000i\000e\000n\000t\000s}{}% 22
\BOOKMARK [2][-]{subsection.9.1}{\376\377\000T\000h\000e\000\040\000R\000e\000a\000l\000i\000z\000a\000t\000i\000o\000n\000\040\000M\000a\000p}{section.9}% 23
\BOOKMARK [2][-]{subsection.9.2}{\376\377\000S\000e\000m\000a\000n\000t\000i\000c\000\040\000F\000i\000e\000l\000d\000s\000\040\000a\000s\000\040\000A\000p\000p\000r\000o\000x\000i\000m\000a\000t\000e\000\040\000F\000i\000b\000e\000r\000s}{section.9}% 24
\BOOKMARK [2][-]{subsection.9.3}{\376\377\000S\000e\000m\000a\000n\000t\000i\000c\000\040\000S\000h\000i\000f\000t\000\040\000a\000s\000\040\000M\000o\000t\000i\000o\000n\000\040\000i\000n\000\040\000t\000h\000e\000\040\000Q\000u\000o\000t\000i\000e\000n\000t}{section.9}% 25
\BOOKMARK [2][-]{subsection.9.4}{\376\377\000C\000o\000l\000l\000a\000p\000s\000e\000\040\000v\000e\000r\000s\000u\000s\000\040\000I\000n\000v\000a\000r\000i\000a\000n\000c\000e\000-\000P\000r\000e\000s\000e\000r\000v\000i\000n\000g\000\040\000A\000b\000s\000t\000r\000a\000c\000t\000i\000o\000n}{section.9}% 26
\BOOKMARK [2][-]{subsection.9.5}{\376\377\000C\000o\000m\000p\000l\000e\000t\000i\000o\000n\000\040\000a\000s\000\040\000Q\000u\000o\000t\000i\000e\000n\000t\000\040\000S\000t\000a\000b\000i\000l\000i\000t\000y}{section.9}% 27
\BOOKMARK [1][-]{section.10}{\376\377\000F\000u\000n\000c\000t\000o\000r\000i\000a\000l\000\040\000S\000t\000r\000u\000c\000t\000u\000r\000e\000\040\000o\000f\000\040\000t\000h\000e\000\040\000P\000r\000o\000j\000e\000c\000t\000i\000o\000n\000\040\000H\000i\000e\000r\000a\000r\000c\000h\000y}{}% 28
\BOOKMARK [2][-]{subsection.10.1}{\376\377\000T\000h\000e\000\040\000T\000r\000a\000j\000e\000c\000t\000o\000r\000y\000\040\000C\000a\000t\000e\000g\000o\000r\000y}{section.10}% 29
\BOOKMARK [2][-]{subsection.10.2}{\376\377\000S\000e\000m\000a\000n\000t\000i\000c\000\040\000F\000i\000e\000l\000d\000s\000\040\000a\000s\000\040\000a\000\040\000F\000u\000n\000c\000t\000o\000r\000i\000a\000l\000\040\000I\000m\000a\000g\000e}{section.10}% 30
\BOOKMARK [2][-]{subsection.10.3}{\376\377\000C\000o\000l\000l\000a\000p\000s\000e\000\040\000a\000s\000\040\000N\000o\000n\000-\000F\000a\000i\000t\000h\000f\000u\000l\000n\000e\000s\000s}{section.10}% 31
\BOOKMARK [2][-]{subsection.10.4}{\376\377\000C\000o\000m\000p\000l\000e\000t\000i\000o\000n\000\040\000a\000s\000\040\000F\000u\000n\000c\000t\000o\000r\000\040\000S\000t\000a\000b\000i\000l\000i\000z\000a\000t\000i\000o\000n}{section.10}% 32
\BOOKMARK [2][-]{subsection.10.5}{\376\377\000F\000r\000o\000m\000\040\000O\000b\000j\000e\000c\000t\000s\000\040\000t\000o\000\040\000H\000i\000s\000t\000o\000r\000i\000e\000s}{section.10}% 33
\BOOKMARK [1][-]{section.11}{\376\377\000R\000S\000V\000P\000\040\000D\000y\000n\000a\000m\000i\000c\000s\000\040\000a\000s\000\040\000I\000n\000f\000i\000n\000i\000t\000e\000s\000i\000m\000a\000l\000\040\000G\000e\000n\000e\000r\000a\000t\000o\000r}{}% 34
\BOOKMARK [2][-]{subsection.11.1}{\376\377\000F\000r\000o\000m\000\040\000S\000t\000a\000t\000i\000c\000\040\000F\000u\000n\000c\000t\000o\000r\000\040\000t\000o\000\040\000D\000y\000n\000a\000m\000i\000c\000a\000l\000\040\000G\000e\000n\000e\000r\000a\000t\000o\000r}{section.11}% 35
\BOOKMARK [2][-]{subsection.11.2}{\376\377\000C\000o\000m\000p\000l\000e\000t\000i\000o\000n\000\040\000a\000s\000\040\000a\000\040\000F\000i\000x\000e\000d\000\040\000P\000o\000i\000n\000t\000\040\000o\000f\000\040\000t\000h\000e\000\040\000F\000l\000o\000w}{section.11}% 36
\BOOKMARK [2][-]{subsection.11.3}{\376\377\000C\000o\000l\000l\000a\000p\000s\000e\000\040\000a\000s\000\040\000I\000n\000s\000t\000a\000b\000i\000l\000i\000t\000y}{section.11}% 37
\BOOKMARK [2][-]{subsection.11.4}{\376\377\000L\000y\000a\000p\000u\000n\000o\000v\000\040\000S\000t\000r\000u\000c\000t\000u\000r\000e\000\040\000o\000f\000\040\000C\000o\000m\000p\000l\000e\000t\000i\000o\000n}{section.11}% 38
\BOOKMARK [1][-]{section.12}{\376\377\000T\000e\000m\000p\000o\000r\000a\000l\000\040\000C\000o\000n\000s\000t\000r\000a\000i\000n\000t\000s\000\040\000a\000n\000d\000\040\000t\000h\000e\000\040\000M\000a\000n\000a\000g\000e\000m\000e\000n\000t\000\040\000o\000f\000\040\000E\000n\000t\000r\000o\000p\000y}{}% 39
\BOOKMARK [1][-]{section.13}{\376\377\000T\000h\000e\000\040\000E\000n\000g\000i\000n\000e\000e\000r\000i\000n\000g\000\040\000o\000f\000\040\000L\000e\000g\000i\000b\000i\000l\000i\000t\000y}{}% 40
\BOOKMARK [1][-]{section.14}{\376\377\000T\000h\000e\000\040\000D\000e\000n\000o\000u\000e\000m\000e\000n\000t\000\040\000O\000p\000e\000r\000a\000t\000o\000r}{}% 41
\BOOKMARK [1][-]{section.15}{\376\377\000M\000u\000s\000i\000c\000\040\000a\000s\000\040\000E\000x\000t\000e\000r\000n\000a\000l\000\040\000C\000l\000o\000c\000k}{}% 42
\BOOKMARK [1][-]{section.16}{\376\377\000E\000p\000i\000s\000t\000e\000m\000i\000c\000\040\000A\000s\000y\000m\000m\000e\000t\000r\000y\000\040\000a\000n\000d\000\040\000C\000o\000l\000l\000a\000b\000o\000r\000a\000t\000i\000o\000n\000\040\000F\000r\000i\000c\000t\000i\000o\000n}{}% 43
\BOOKMARK [1][-]{section.17}{\376\377\000T\000h\000e\000\040\000R\000e\000l\000o\000c\000a\000t\000i\000o\000n\000\040\000o\000f\000\040\000R\000e\000n\000d\000e\000r\000i\000n\000g}{}% 44
\BOOKMARK [1][-]{section.18}{\376\377\000T\000h\000r\000e\000e\000\040\000M\000o\000d\000e\000s\000\040\000o\000f\000\040\000C\000o\000m\000p\000l\000e\000t\000i\000o\000n}{}% 45
\BOOKMARK [1][-]{section.19}{\376\377\000I\000m\000p\000l\000i\000c\000a\000t\000i\000o\000n\000s}{}% 46
\BOOKMARK [1][-]{section.20}{\376\377\000C\000o\000n\000c\000l\000u\000s\000i\000o\000n\000:\000\040\000C\000o\000m\000p\000l\000e\000t\000i\000o\000n\000\040\000a\000s\000\040\000a\000\040\000P\000r\000o\000p\000e\000r\000t\000y\000\040\000o\000f\000\040\000M\000a\000p\000p\000i\000n\000g\000s}{}% 47
\BOOKMARK [1][-]{appendix.A}{\376\377\000C\000o\000n\000s\000t\000r\000a\000i\000n\000t\000\040\000C\000l\000o\000s\000u\000r\000e\000\040\000a\000n\000d\000\040\000S\000o\000l\000u\000t\000i\000o\000n\000\040\000M\000a\000n\000i\000f\000o\000l\000d\000s}{}% 48
\BOOKMARK [2][-]{subsection.A.1}{\376\377\000S\000t\000a\000t\000e\000\040\000S\000p\000a\000c\000e\000\040\000a\000n\000d\000\040\000C\000o\000n\000s\000t\000r\000a\000i\000n\000t\000s}{appendix.A}% 49
\BOOKMARK [2][-]{subsection.A.2}{\376\377\000S\000t\000r\000u\000c\000t\000u\000r\000a\000l\000\040\000E\000q\000u\000i\000v\000a\000l\000e\000n\000c\000e}{appendix.A}% 50
\BOOKMARK [2][-]{subsection.A.3}{\376\377\000F\000o\000r\000m\000a\000l\000\040\000D\000e\000f\000i\000n\000i\000t\000i\000o\000n}{appendix.A}% 51
\BOOKMARK [2][-]{subsection.A.4}{\376\377\000E\000n\000t\000r\000o\000p\000y\000\040\000o\000f\000\040\000t\000h\000e\000\040\000S\000o\000l\000u\000t\000i\000o\000n\000\040\000S\000e\000t}{appendix.A}% 52
\BOOKMARK [2][-]{subsection.A.5}{\376\377\000P\000a\000r\000t\000i\000a\000l\000\040\000O\000r\000d\000e\000r\000\040\000o\000n\000\040\000C\000o\000n\000s\000t\000r\000a\000i\000n\000t\000\040\000D\000e\000n\000s\000i\000t\000y}{appendix.A}% 53
\BOOKMARK [1][-]{appendix.B}{\376\377\000P\000r\000o\000j\000e\000c\000t\000i\000o\000n\000\040\000a\000n\000d\000\040\000E\000x\000t\000e\000r\000n\000a\000l\000\040\000C\000o\000m\000p\000l\000e\000t\000i\000o\000n}{}% 54
\BOOKMARK [2][-]{subsection.B.1}{\376\377\000T\000h\000e\000\040\000P\000r\000o\000j\000e\000c\000t\000i\000o\000n\000\040\000M\000a\000p}{appendix.B}% 55
\BOOKMARK [2][-]{subsection.B.2}{\376\377\000N\000o\000n\000-\000I\000n\000v\000a\000r\000i\000a\000n\000c\000e\000\040\000U\000n\000d\000e\000r\000\040\000S\000t\000r\000u\000c\000t\000u\000r\000a\000l\000\040\000E\000q\000u\000i\000v\000a\000l\000e\000n\000c\000e}{appendix.B}% 56
\BOOKMARK [2][-]{subsection.B.3}{\376\377\000R\000e\000s\000i\000d\000u\000a\000l\000\040\000E\000n\000c\000o\000d\000i\000n\000g\000\040\000D\000i\000s\000t\000a\000n\000c\000e}{appendix.B}% 57
\BOOKMARK [1][-]{appendix.C}{\376\377\000G\000e\000n\000e\000r\000a\000t\000i\000v\000e\000\040\000M\000a\000p\000p\000i\000n\000g\000s\000\040\000a\000n\000d\000\040\000H\000e\000a\000d\000l\000e\000s\000s\000\040\000C\000l\000o\000s\000u\000r\000e}{}% 58
\BOOKMARK [2][-]{subsection.C.1}{\376\377\000G\000e\000n\000e\000r\000a\000t\000o\000r\000\040\000S\000p\000a\000c\000e}{appendix.C}% 59
\BOOKMARK [2][-]{subsection.C.2}{\376\377\000H\000e\000a\000d\000l\000e\000s\000s\000\040\000E\000x\000e\000c\000u\000t\000i\000o\000n}{appendix.C}% 60
\BOOKMARK [2][-]{subsection.C.3}{\376\377\000H\000i\000e\000r\000a\000r\000c\000h\000y\000\040\000o\000f\000\040\000G\000e\000n\000e\000r\000a\000t\000o\000r\000\040\000S\000p\000a\000c\000e\000s}{appendix.C}% 61
\BOOKMARK [1][-]{appendix.D}{\376\377\000T\000e\000m\000p\000o\000r\000a\000l\000\040\000L\000e\000g\000i\000b\000i\000l\000i\000t\000y\000\040\000a\000n\000d\000\040\000I\000n\000f\000o\000r\000m\000a\000t\000i\000o\000n\000\040\000R\000e\000l\000e\000a\000s\000e}{}% 62
\BOOKMARK [2][-]{subsection.D.1}{\376\377\000L\000e\000g\000i\000b\000i\000l\000i\000t\000y\000\040\000a\000s\000\040\000C\000u\000m\000u\000l\000a\000t\000i\000v\000e\000\040\000R\000e\000c\000o\000g\000n\000i\000t\000i\000o\000n}{appendix.D}% 63
\BOOKMARK [2][-]{subsection.D.2}{\376\377\000O\000b\000s\000e\000r\000v\000e\000r\000\040\000E\000n\000t\000r\000o\000p\000y}{appendix.D}% 64
\BOOKMARK [2][-]{subsection.D.3}{\376\377\000D\000e\000n\000o\000u\000e\000m\000e\000n\000t\000\040\000T\000h\000r\000e\000s\000h\000o\000l\000d}{appendix.D}% 65
\BOOKMARK [1][-]{appendix.E}{\376\377\000W\000o\000r\000k\000e\000d\000\040\000E\000x\000a\000m\000p\000l\000e\000:\000\040\000M\000u\000r\000a\000l\000\040\000a\000s\000\040\000M\000a\000n\000i\000f\000o\000l\000d\000\040\000C\000o\000l\000l\000a\000p\000s\000e}{}% 66
\BOOKMARK [1][-]{appendix.F}{\376\377\000W\000o\000r\000k\000e\000d\000\040\000E\000x\000a\000m\000p\000l\000e\000:\000\040\000b\000p\000y\000\040\000S\000c\000r\000i\000p\000t\000\040\000a\000s\000\040\000G\000e\000n\000e\000r\000a\000t\000o\000r}{}% 67
\BOOKMARK [1][-]{appendix.G}{\376\377\000W\000o\000r\000k\000e\000d\000\040\000E\000x\000a\000m\000p\000l\000e\000:\000\040\000L\000i\000v\000e\000\040\000P\000a\000i\000n\000t\000i\000n\000g\000\040\000a\000s\000\040\000C\000o\000n\000t\000r\000o\000l\000l\000e\000d\000\040\000T\000r\000a\000j\000e\000c\000t\000o\000r\000y}{}% 68
\BOOKMARK [1][-]{appendix.H}{\376\377\000S\000e\000m\000a\000n\000t\000i\000c\000\040\000C\000o\000l\000l\000a\000p\000s\000e\000\040\000a\000n\000d\000\040\000F\000i\000b\000e\000r\000-\000Q\000u\000o\000t\000i\000e\000n\000t\000\040\000C\000o\000r\000r\000e\000s\000p\000o\000n\000d\000e\000n\000c\000e}{}% 69
\BOOKMARK [2][-]{subsection.H.1}{\376\377\000M\000e\000t\000r\000i\000c\000\040\000M\000e\000a\000s\000u\000r\000e\000\040\000S\000p\000a\000c\000e\000\040\000F\000r\000a\000m\000e\000w\000o\000r\000k}{appendix.H}% 70
\BOOKMARK [2][-]{subsection.H.2}{\376\377\000V\000a\000r\000i\000a\000t\000i\000o\000n\000a\000l\000\040\000C\000h\000a\000r\000a\000c\000t\000e\000r\000i\000z\000a\000t\000i\000o\000n}{appendix.H}% 71
\BOOKMARK [2][-]{subsection.H.3}{\376\377\000F\000i\000b\000e\000r\000-\000Q\000u\000o\000t\000i\000e\000n\000t\000\040\000C\000o\000r\000r\000e\000s\000p\000o\000n\000d\000e\000n\000c\000e}{appendix.H}% 72
\BOOKMARK [1][-]{appendix.I}{\376\377\000F\000u\000n\000c\000t\000o\000r\000i\000a\000l\000\040\000P\000r\000o\000j\000e\000c\000t\000i\000o\000n\000\040\000a\000n\000d\000\040\000L\000y\000a\000p\000u\000n\000o\000v\000\040\000S\000t\000a\000b\000i\000l\000i\000t\000y}{}% 73
\BOOKMARK [2][-]{subsection.I.1}{\376\377\000S\000e\000m\000a\000n\000t\000i\000c\000\040\000P\000r\000o\000j\000e\000c\000t\000i\000o\000n\000\040\000S\000y\000s\000t\000e\000m\000s}{appendix.I}% 74
\BOOKMARK [2][-]{subsection.I.2}{\376\377\000G\000e\000n\000e\000r\000a\000t\000o\000r\040\023\000F\000u\000n\000c\000t\000o\000r\000\040\000C\000o\000r\000r\000e\000s\000p\000o\000n\000d\000e\000n\000c\000e}{appendix.I}% 75
\BOOKMARK [2][-]{subsection.I.3}{\376\377\000P\000r\000o\000o\000f\000\040\000o\000f\000\040\000L\000y\000a\000p\000u\000n\000o\000v\000\040\000D\000e\000c\000r\000e\000a\000s\000e}{appendix.I}% 76
