\BOOKMARK [1][-]{section.1}{\376\377\000I\000n\000t\000r\000o\000d\000u\000c\000t\000i\000o\000n\000:\000\040\000T\000h\000e\000\040\000O\000n\000t\000o\000l\000o\000g\000y\000\040\000o\000f\000\040\000t\000h\000e\000\040\000T\000h\000r\000e\000s\000h\000o\000l\000d}{}% 1
\BOOKMARK [1][-]{section.2}{\376\377\000T\000h\000e\000\040\000G\000e\000o\000m\000e\000t\000r\000y\000\040\000o\000f\000\040\000t\000h\000e\000\040\000S\000o\000l\000u\000t\000i\000o\000n\000\040\000S\000p\000a\000c\000e}{}% 2
\BOOKMARK [1][-]{section.3}{\376\377\000I\000n\000t\000e\000r\000n\000a\000l\000\040\000v\000e\000r\000s\000u\000s\000\040\000E\000x\000t\000e\000r\000n\000a\000l\000\040\000C\000o\000m\000p\000l\000e\000t\000i\000o\000n}{}% 3
\BOOKMARK [1][-]{section.4}{\376\377\000H\000e\000a\000d\000l\000e\000s\000s\000\040\000E\000x\000e\000c\000u\000t\000i\000o\000n\000\040\000a\000n\000d\000\040\000t\000h\000e\000\040\000D\000e\000c\000o\000u\000p\000l\000i\000n\000g\000\040\000o\000f\000\040\000t\000h\000e\000\040\000I\000n\000t\000e\000r\000f\000a\000c\000e}{}% 4
\BOOKMARK [1][-]{section.5}{\376\377\000T\000h\000e\000\040\000S\000c\000r\000i\000p\000t\000\040\000a\000s\000\040\000T\000r\000a\000j\000e\000c\000t\000o\000r\000y\000:\000\040\000E\000v\000e\000n\000t\000-\000H\000i\000s\000t\000o\000r\000y\000\040\000O\000n\000t\000o\000l\000o\000g\000y}{}% 5
\BOOKMARK [1][-]{section.6}{\376\377\000E\000n\000t\000r\000o\000p\000y\000\040\000C\000o\000l\000l\000a\000p\000s\000e\000\040\000A\000c\000r\000o\000s\000s\000\040\000R\000e\000p\000r\000e\000s\000e\000n\000t\000a\000t\000i\000o\000n\000a\000l\000\040\000L\000a\000y\000e\000r\000s}{}% 6
\BOOKMARK [1][-]{section.7}{\376\377\000T\000e\000m\000p\000o\000r\000a\000l\000\040\000C\000o\000n\000s\000t\000r\000a\000i\000n\000t\000s\000\040\000a\000n\000d\000\040\000t\000h\000e\000\040\000M\000a\000n\000a\000g\000e\000m\000e\000n\000t\000\040\000o\000f\000\040\000E\000n\000t\000r\000o\000p\000y}{}% 7
\BOOKMARK [1][-]{section.8}{\376\377\000T\000h\000e\000\040\000E\000n\000g\000i\000n\000e\000e\000r\000i\000n\000g\000\040\000o\000f\000\040\000L\000e\000g\000i\000b\000i\000l\000i\000t\000y}{}% 8
\BOOKMARK [1][-]{section.9}{\376\377\000T\000h\000e\000\040\000D\000e\000n\000o\000u\000e\000m\000e\000n\000t\000\040\000O\000p\000e\000r\000a\000t\000o\000r}{}% 9
\BOOKMARK [1][-]{section.10}{\376\377\000M\000u\000s\000i\000c\000\040\000a\000s\000\040\000E\000x\000t\000e\000r\000n\000a\000l\000\040\000C\000l\000o\000c\000k}{}% 10
\BOOKMARK [1][-]{section.11}{\376\377\000E\000p\000i\000s\000t\000e\000m\000i\000c\000\040\000A\000s\000y\000m\000m\000e\000t\000r\000y\000\040\000a\000n\000d\000\040\000C\000o\000l\000l\000a\000b\000o\000r\000a\000t\000i\000o\000n\000\040\000F\000r\000i\000c\000t\000i\000o\000n}{}% 11
\BOOKMARK [1][-]{section.12}{\376\377\000T\000h\000e\000\040\000R\000e\000l\000o\000c\000a\000t\000i\000o\000n\000\040\000o\000f\000\040\000R\000e\000n\000d\000e\000r\000i\000n\000g}{}% 12
\BOOKMARK [1][-]{section.13}{\376\377\000T\000h\000r\000e\000e\000\040\000M\000o\000d\000e\000s\000\040\000o\000f\000\040\000C\000o\000m\000p\000l\000e\000t\000i\000o\000n}{}% 13
\BOOKMARK [1][-]{section.14}{\376\377\000I\000m\000p\000l\000i\000c\000a\000t\000i\000o\000n\000s}{}% 14
\BOOKMARK [1][-]{section.15}{\376\377\000C\000o\000n\000c\000l\000u\000s\000i\000o\000n\000:\000\040\000C\000o\000m\000p\000l\000e\000t\000i\000o\000n\000\040\000a\000s\000\040\000a\000\040\000P\000r\000o\000p\000e\000r\000t\000y\000\040\000o\000f\000\040\000M\000a\000p\000p\000i\000n\000g\000s}{}% 15
\BOOKMARK [1][-]{appendix.A}{\376\377\000C\000o\000n\000s\000t\000r\000a\000i\000n\000t\000\040\000C\000l\000o\000s\000u\000r\000e\000\040\000a\000n\000d\000\040\000S\000o\000l\000u\000t\000i\000o\000n\000\040\000M\000a\000n\000i\000f\000o\000l\000d\000s}{}% 16
\BOOKMARK [2][-]{subsection.A.1}{\376\377\000S\000t\000a\000t\000e\000\040\000S\000p\000a\000c\000e\000\040\000a\000n\000d\000\040\000C\000o\000n\000s\000t\000r\000a\000i\000n\000t\000s}{appendix.A}% 17
\BOOKMARK [2][-]{subsection.A.2}{\376\377\000S\000t\000r\000u\000c\000t\000u\000r\000a\000l\000\040\000E\000q\000u\000i\000v\000a\000l\000e\000n\000c\000e}{appendix.A}% 18
\BOOKMARK [2][-]{subsection.A.3}{\376\377\000F\000o\000r\000m\000a\000l\000\040\000D\000e\000f\000i\000n\000i\000t\000i\000o\000n}{appendix.A}% 19
\BOOKMARK [2][-]{subsection.A.4}{\376\377\000E\000n\000t\000r\000o\000p\000y\000\040\000o\000f\000\040\000t\000h\000e\000\040\000S\000o\000l\000u\000t\000i\000o\000n\000\040\000S\000e\000t}{appendix.A}% 20
\BOOKMARK [2][-]{subsection.A.5}{\376\377\000P\000a\000r\000t\000i\000a\000l\000\040\000O\000r\000d\000e\000r\000\040\000o\000n\000\040\000C\000o\000n\000s\000t\000r\000a\000i\000n\000t\000\040\000D\000e\000n\000s\000i\000t\000y}{appendix.A}% 21
\BOOKMARK [1][-]{appendix.B}{\376\377\000P\000r\000o\000j\000e\000c\000t\000i\000o\000n\000\040\000a\000n\000d\000\040\000E\000x\000t\000e\000r\000n\000a\000l\000\040\000C\000o\000m\000p\000l\000e\000t\000i\000o\000n}{}% 22
\BOOKMARK [2][-]{subsection.B.1}{\376\377\000T\000h\000e\000\040\000P\000r\000o\000j\000e\000c\000t\000i\000o\000n\000\040\000M\000a\000p}{appendix.B}% 23
\BOOKMARK [2][-]{subsection.B.2}{\376\377\000N\000o\000n\000-\000I\000n\000v\000a\000r\000i\000a\000n\000c\000e\000\040\000U\000n\000d\000e\000r\000\040\000S\000t\000r\000u\000c\000t\000u\000r\000a\000l\000\040\000E\000q\000u\000i\000v\000a\000l\000e\000n\000c\000e}{appendix.B}% 24
\BOOKMARK [2][-]{subsection.B.3}{\376\377\000R\000e\000s\000i\000d\000u\000a\000l\000\040\000E\000n\000c\000o\000d\000i\000n\000g\000\040\000D\000i\000s\000t\000a\000n\000c\000e}{appendix.B}% 25
\BOOKMARK [1][-]{appendix.C}{\376\377\000G\000e\000n\000e\000r\000a\000t\000i\000v\000e\000\040\000M\000a\000p\000p\000i\000n\000g\000s\000\040\000a\000n\000d\000\040\000H\000e\000a\000d\000l\000e\000s\000s\000\040\000C\000l\000o\000s\000u\000r\000e}{}% 26
\BOOKMARK [2][-]{subsection.C.1}{\376\377\000G\000e\000n\000e\000r\000a\000t\000o\000r\000\040\000S\000p\000a\000c\000e}{appendix.C}% 27
\BOOKMARK [2][-]{subsection.C.2}{\376\377\000H\000e\000a\000d\000l\000e\000s\000s\000\040\000E\000x\000e\000c\000u\000t\000i\000o\000n}{appendix.C}% 28
\BOOKMARK [2][-]{subsection.C.3}{\376\377\000H\000i\000e\000r\000a\000r\000c\000h\000y\000\040\000o\000f\000\040\000G\000e\000n\000e\000r\000a\000t\000o\000r\000\040\000S\000p\000a\000c\000e\000s}{appendix.C}% 29
\BOOKMARK [1][-]{appendix.D}{\376\377\000T\000e\000m\000p\000o\000r\000a\000l\000\040\000L\000e\000g\000i\000b\000i\000l\000i\000t\000y\000\040\000a\000n\000d\000\040\000I\000n\000f\000o\000r\000m\000a\000t\000i\000o\000n\000\040\000R\000e\000l\000e\000a\000s\000e}{}% 30
\BOOKMARK [2][-]{subsection.D.1}{\376\377\000L\000e\000g\000i\000b\000i\000l\000i\000t\000y\000\040\000a\000s\000\040\000C\000u\000m\000u\000l\000a\000t\000i\000v\000e\000\040\000R\000e\000c\000o\000g\000n\000i\000t\000i\000o\000n}{appendix.D}% 31
\BOOKMARK [2][-]{subsection.D.2}{\376\377\000O\000b\000s\000e\000r\000v\000e\000r\000\040\000E\000n\000t\000r\000o\000p\000y}{appendix.D}% 32
\BOOKMARK [2][-]{subsection.D.3}{\376\377\000D\000e\000n\000o\000u\000e\000m\000e\000n\000t\000\040\000T\000h\000r\000e\000s\000h\000o\000l\000d}{appendix.D}% 33
\BOOKMARK [1][-]{appendix.E}{\376\377\000W\000o\000r\000k\000e\000d\000\040\000E\000x\000a\000m\000p\000l\000e\000:\000\040\000M\000u\000r\000a\000l\000\040\000a\000s\000\040\000M\000a\000n\000i\000f\000o\000l\000d\000\040\000C\000o\000l\000l\000a\000p\000s\000e}{}% 34
\BOOKMARK [1][-]{appendix.F}{\376\377\000W\000o\000r\000k\000e\000d\000\040\000E\000x\000a\000m\000p\000l\000e\000:\000\040\000b\000p\000y\000\040\000S\000c\000r\000i\000p\000t\000\040\000a\000s\000\040\000G\000e\000n\000e\000r\000a\000t\000o\000r}{}% 35
\BOOKMARK [1][-]{appendix.G}{\376\377\000W\000o\000r\000k\000e\000d\000\040\000E\000x\000a\000m\000p\000l\000e\000:\000\040\000L\000i\000v\000e\000\040\000P\000a\000i\000n\000t\000i\000n\000g\000\040\000a\000s\000\040\000C\000o\000n\000t\000r\000o\000l\000l\000e\000d\000\040\000T\000r\000a\000j\000e\000c\000t\000o\000r\000y}{}% 36
