\BOOKMARK [1][-]{section.1}{\376\377\000I\000n\000t\000r\000o\000d\000u\000c\000t\000i\000o\000n}{}% 1
\BOOKMARK [2][-]{subsection.1.1}{\376\377\000T\000h\000e\000\040\000P\000r\000o\000b\000l\000e\000m}{section.1}% 2
\BOOKMARK [2][-]{subsection.1.2}{\376\377\000T\000h\000e\000\040\000C\000e\000n\000t\000r\000a\000l\000\040\000R\000e\000s\000u\000l\000t}{section.1}% 3
\BOOKMARK [2][-]{subsection.1.3}{\376\377\000T\000h\000e\000\040\000D\000u\000a\000l\000i\000t\000y}{section.1}% 4
\BOOKMARK [2][-]{subsection.1.4}{\376\377\000T\000h\000e\000\040\000C\000o\000n\000s\000e\000q\000u\000e\000n\000c\000e}{section.1}% 5
\BOOKMARK [2][-]{subsection.1.5}{\376\377\000S\000t\000r\000u\000c\000t\000u\000r\000e\000\040\000o\000f\000\040\000t\000h\000e\000\040\000P\000a\000p\000e\000r}{section.1}% 6
\BOOKMARK [1][-]{section.2}{\376\377\000T\000h\000e\000\040\000S\000h\000e\000a\000f\000-\000V\000a\000r\000i\000a\000t\000i\000o\000n\000a\000l\000\040\000E\000q\000u\000i\000v\000a\000l\000e\000n\000c\000e}{}% 7
\BOOKMARK [2][-]{subsection.2.1}{\376\377\000T\000w\000o\000\040\000D\000e\000s\000c\000r\000i\000p\000t\000i\000o\000n\000s\000\040\000o\000f\000\040\000t\000h\000e\000\040\000S\000a\000m\000e\000\040\000O\000b\000j\000e\000c\000t}{section.2}% 8
\BOOKMARK [2][-]{subsection.2.2}{\376\377\000T\000h\000e\000\040\000S\000h\000e\000a\000f\000-\000T\000h\000e\000o\000r\000e\000t\000i\000c\000\040\000A\000c\000c\000o\000u\000n\000t}{section.2}% 9
\BOOKMARK [2][-]{subsection.2.3}{\376\377\000T\000h\000e\000\040\000V\000a\000r\000i\000a\000t\000i\000o\000n\000a\000l\000\040\000A\000c\000c\000o\000u\000n\000t}{section.2}% 10
\BOOKMARK [2][-]{subsection.2.4}{\376\377\000T\000h\000e\000\040\000D\000i\000c\000t\000i\000o\000n\000a\000r\000y}{section.2}% 11
\BOOKMARK [2][-]{subsection.2.5}{\376\377\000T\000h\000e\000\040\000S\000h\000e\000a\000f\000-\000V\000a\000r\000i\000a\000t\000i\000o\000n\000a\000l\000\040\000E\000q\000u\000i\000v\000a\000l\000e\000n\000c\000e}{section.2}% 12
\BOOKMARK [2][-]{subsection.2.6}{\376\377\000C\000o\000n\000s\000e\000q\000u\000e\000n\000c\000e\000s\000\040\000o\000f\000\040\000t\000h\000e\000\040\000E\000q\000u\000i\000v\000a\000l\000e\000n\000c\000e}{section.2}% 13
\BOOKMARK [2][-]{subsection.2.7}{\376\377\000T\000h\000e\000\040\000E\000n\000t\000r\000o\000p\000y\000\040\000I\000d\000e\000n\000t\000i\000f\000i\000c\000a\000t\000i\000o\000n}{section.2}% 14
\BOOKMARK [1][-]{section.3}{\376\377\000T\000h\000e\000\040\000W\000o\000r\000l\000d\000-\000S\000t\000a\000t\000e\000\040\000M\000a\000n\000i\000f\000o\000l\000d\000\040\000a\000n\000d\000\040\000I\000t\000s\000\040\000S\000y\000m\000m\000e\000t\000r\000y\000\040\000G\000r\000o\000u\000p}{}% 15
\BOOKMARK [1][-]{section.4}{\376\377\000S\000e\000n\000s\000o\000r\000\040\000M\000o\000d\000a\000l\000i\000t\000i\000e\000s\000\040\000a\000s\000\040\000P\000r\000o\000j\000e\000c\000t\000i\000o\000n\000\040\000O\000p\000e\000r\000a\000t\000o\000r\000s}{}% 16
\BOOKMARK [2][-]{subsection.4.1}{\376\377\000P\000u\000r\000p\000o\000s\000e\000\040\000o\000f\000\040\000T\000h\000i\000s\000\040\000S\000e\000c\000t\000i\000o\000n}{section.4}% 17
\BOOKMARK [2][-]{subsection.4.2}{\376\377\000T\000h\000e\000\040\000C\000o\000n\000f\000i\000g\000u\000r\000a\000t\000i\000o\000n\000\040\000S\000p\000a\000c\000e\000\040\000a\000n\000d\000\040\000I\000t\000s\000\040\000T\000o\000p\000o\000l\000o\000g\000y}{section.4}% 18
\BOOKMARK [2][-]{subsection.4.3}{\376\377\000I\000n\000f\000r\000a\000r\000e\000d\000\040\000P\000r\000o\000j\000e\000c\000t\000i\000o\000n}{section.4}% 19
\BOOKMARK [2][-]{subsection.4.4}{\376\377\000L\000i\000D\000A\000R\000\040\000P\000r\000o\000j\000e\000c\000t\000i\000o\000n}{section.4}% 20
\BOOKMARK [2][-]{subsection.4.5}{\376\377\000R\000G\000B\000/\000C\000C\000D\000\040\000P\000r\000o\000j\000e\000c\000t\000i\000o\000n}{section.4}% 21
\BOOKMARK [2][-]{subsection.4.6}{\376\377\000A\000u\000d\000i\000o\000\040\000P\000r\000o\000j\000e\000c\000t\000i\000o\000n}{section.4}% 22
\BOOKMARK [2][-]{subsection.4.7}{\376\377\000P\000h\000o\000t\000o\000n\000i\000c\000\040\000S\000t\000r\000i\000p\000\040\000P\000r\000o\000j\000e\000c\000t\000i\000o\000n}{section.4}% 23
\BOOKMARK [2][-]{subsection.4.8}{\376\377\000T\000h\000e\000\040\000C\000o\000m\000p\000l\000e\000t\000e\000n\000e\000s\000s\000\040\000P\000r\000o\000p\000o\000s\000i\000t\000i\000o\000n}{section.4}% 24
\BOOKMARK [2][-]{subsection.4.9}{\376\377\000D\000e\000g\000r\000e\000e\000s\000\040\000o\000f\000\040\000F\000r\000e\000e\000d\000o\000m\000\040\000T\000a\000b\000l\000e}{section.4}% 25
\BOOKMARK [2][-]{subsection.4.10}{\376\377\000E\000a\000c\000h\000\040\000M\000o\000d\000a\000l\000i\000t\000y\000\040\000a\000s\000\040\000a\000\040\000C\000h\000a\000r\000t}{section.4}% 26
\BOOKMARK [1][-]{section.5}{\376\377\000T\000h\000e\000\040\000F\000e\000a\000s\000i\000b\000l\000e\000\040\000S\000e\000t\000\040\000a\000n\000d\000\040\000I\000t\000s\000\040\000G\000e\000o\000m\000e\000t\000r\000y}{}% 27
\BOOKMARK [2][-]{subsection.5.1}{\376\377\000Q\000u\000o\000t\000i\000e\000n\000t\000\040\000S\000t\000r\000u\000c\000t\000u\000r\000e\000\040\000a\000n\000d\000\040\000I\000d\000e\000n\000t\000i\000f\000i\000a\000b\000i\000l\000i\000t\000y\000\040\000D\000o\000m\000a\000i\000n}{section.5}% 28
\BOOKMARK [2][-]{subsection.5.2}{\376\377\000G\000e\000o\000m\000e\000t\000r\000y\000\040\000o\000f\000\040\000t\000h\000e\000\040\000O\000b\000s\000e\000r\000v\000a\000t\000i\000o\000n\000-\000C\000o\000n\000s\000i\000s\000t\000e\000n\000t\000\040\000S\000e\000t}{section.5}% 29
\BOOKMARK [2][-]{subsection.5.3}{\376\377\000D\000i\000m\000e\000n\000s\000i\000o\000n\000a\000l\000i\000t\000y\000,\000\040\000D\000e\000g\000e\000n\000e\000r\000a\000c\000y\000,\000\040\000a\000n\000d\000\040\000C\000o\000h\000o\000m\000o\000l\000o\000g\000y}{section.5}% 30
\BOOKMARK [2][-]{subsection.5.4}{\376\377\000I\000n\000f\000o\000r\000m\000a\000t\000i\000o\000n\000\040\000G\000e\000o\000m\000e\000t\000r\000y\000\040\000o\000f\000\040\000t\000h\000e\000\040\000F\000e\000a\000s\000i\000b\000l\000e\000\040\000S\000e\000t}{section.5}% 31
\BOOKMARK [2][-]{subsection.5.5}{\376\377\000I\000n\000f\000o\000r\000m\000a\000t\000i\000o\000n\000\040\000V\000o\000l\000u\000m\000e\000\040\000a\000n\000d\000\040\000C\000l\000o\000s\000u\000r\000e}{section.5}% 32
\BOOKMARK [2][-]{subsection.5.6}{\376\377\000D\000y\000n\000a\000m\000i\000c\000s\000\040\000a\000n\000d\000\040\000N\000o\000n\000-\000C\000o\000n\000v\000e\000x\000\040\000S\000t\000r\000u\000c\000t\000u\000r\000e}{section.5}% 33
\BOOKMARK [2][-]{subsection.5.7}{\376\377\000I\000n\000t\000e\000r\000p\000r\000e\000t\000a\000t\000i\000o\000n}{section.5}% 34
\BOOKMARK [1][-]{section.6}{\376\377\000T\000h\000e\000\040\000C\000o\000n\000s\000i\000s\000t\000e\000n\000c\000y\000\040\000O\000p\000e\000r\000a\000t\000o\000r\000\040\000a\000n\000d\000\040\000t\000h\000e\000\040\000I\000d\000e\000n\000t\000i\000f\000i\000a\000b\000i\000l\000i\000t\000y\000\040\000T\000h\000e\000o\000r\000e\000m}{}% 35
\BOOKMARK [2][-]{subsection.6.1}{\376\377\000S\000e\000t\000u\000p\000\040\000a\000n\000d\000\040\000S\000t\000a\000n\000d\000i\000n\000g\000\040\000A\000s\000s\000u\000m\000p\000t\000i\000o\000n\000s}{section.6}% 36
\BOOKMARK [2][-]{subsection.6.2}{\376\377\000T\000h\000e\000\040\000F\000e\000a\000s\000i\000b\000l\000e\000\040\000S\000e\000t}{section.6}% 37
\BOOKMARK [2][-]{subsection.6.3}{\376\377\000T\000h\000e\000\040\000C\000o\000n\000s\000i\000s\000t\000e\000n\000c\000y\000\040\000O\000p\000e\000r\000a\000t\000o\000r}{section.6}% 38
\BOOKMARK [2][-]{subsection.6.4}{\376\377\000T\000h\000e\000\040\000I\000d\000e\000n\000t\000i\000f\000i\000a\000b\000i\000l\000i\000t\000y\000\040\000T\000h\000e\000o\000r\000e\000m}{section.6}% 39
\BOOKMARK [2][-]{subsection.6.5}{\376\377\000T\000h\000e\000\040\000C\000o\000r\000o\000l\000l\000a\000r\000y\000\040\000o\000n\000\040\000D\000i\000a\000g\000n\000o\000s\000a\000b\000l\000e\000\040\000F\000a\000i\000l\000u\000r\000e\000\040\000M\000o\000d\000e\000s}{section.6}% 40
\BOOKMARK [2][-]{subsection.6.6}{\376\377\000W\000h\000y\000\040\000t\000h\000e\000\040\000Q\000u\000o\000t\000i\000e\000n\000t\000\040\000S\000t\000r\000u\000c\000t\000u\000r\000e\000\040\000I\000s\000\040\000N\000o\000t\000\040\000O\000p\000t\000i\000o\000n\000a\000l}{section.6}% 41
\BOOKMARK [1][-]{section.7}{\376\377\000T\000r\000a\000j\000e\000c\000t\000o\000r\000y\000\040\000L\000e\000a\000r\000n\000i\000n\000g\000\040\000a\000n\000d\000\040\000t\000h\000e\000\040\000D\000y\000n\000a\000m\000i\000c\000a\000l\000\040\000A\000d\000m\000i\000s\000s\000i\000b\000i\000l\000i\000t\000y\000\040\000S\000e\000t}{}% 42
\BOOKMARK [2][-]{subsection.7.1}{\376\377\000T\000h\000e\000\040\000C\000e\000n\000t\000r\000a\000l\000\040\000O\000b\000s\000t\000r\000u\000c\000t\000i\000o\000n}{section.7}% 43
\BOOKMARK [2][-]{subsection.7.2}{\376\377\000T\000h\000e\000\040\000P\000a\000t\000h\000\040\000S\000p\000a\000c\000e\000\040\000a\000n\000d\000\040\000t\000h\000e\000\040\000S\000t\000o\000c\000h\000a\000s\000t\000i\000c\000\040\000K\000e\000r\000n\000e\000l}{section.7}% 44
\BOOKMARK [2][-]{subsection.7.3}{\376\377\000T\000h\000e\000\040\000D\000e\000t\000e\000r\000m\000i\000n\000i\000s\000t\000i\000c\000\040\000L\000i\000m\000i\000t\000\040\000a\000n\000d\000\040\000T\000a\000n\000g\000e\000n\000t\000\040\000B\000u\000n\000d\000l\000e\000\040\000C\000o\000n\000s\000t\000r\000a\000i\000n\000t}{section.7}% 45
\BOOKMARK [2][-]{subsection.7.4}{\376\377\000T\000r\000a\000j\000e\000c\000t\000o\000r\000y\000\040\000L\000e\000a\000r\000n\000i\000n\000g\000\040\000f\000r\000o\000m\000\040\000B\000e\000f\000o\000r\000e\000/\000A\000f\000t\000e\000r\000\040\000P\000a\000i\000r\000s}{section.7}% 46
\BOOKMARK [2][-]{subsection.7.5}{\376\377\000T\000h\000e\000\040\000D\000y\000n\000a\000m\000i\000c\000a\000l\000\040\000D\000i\000s\000a\000m\000b\000i\000g\000u\000a\000t\000i\000o\000n\000\040\000T\000h\000e\000o\000r\000e\000m}{section.7}% 47
\BOOKMARK [2][-]{subsection.7.6}{\376\377\000J\000o\000i\000n\000t\000\040\000I\000d\000e\000n\000t\000i\000f\000i\000a\000b\000i\000l\000i\000t\000y}{section.7}% 48
\BOOKMARK [1][-]{section.8}{\376\377\000T\000h\000e\000\040\000I\000n\000v\000e\000r\000s\000i\000o\000n\000\040\000L\000a\000y\000e\000r}{}% 49
\BOOKMARK [1][-]{section.9}{\376\377\000C\000l\000o\000s\000u\000r\000e\000:\000\040\000D\000e\000f\000i\000n\000i\000t\000i\000o\000n\000,\000\040\000C\000r\000i\000t\000e\000r\000i\000a\000,\000\040\000a\000n\000d\000\040\000D\000e\000t\000e\000c\000t\000i\000o\000n}{}% 50
\BOOKMARK [1][-]{section.10}{\376\377\000D\000e\000p\000l\000o\000y\000m\000e\000n\000t\000\040\000S\000c\000a\000l\000e\000s\000\040\000a\000s\000\040\000F\000e\000a\000s\000i\000b\000l\000e\000\040\000S\000e\000t\000\040\000G\000e\000o\000m\000e\000t\000r\000y}{}% 51
\BOOKMARK [1][-]{section.11}{\376\377\000R\000e\000l\000a\000t\000i\000o\000n\000\040\000t\000o\000\040\000P\000r\000i\000o\000r\000\040\000W\000o\000r\000k}{}% 52
\BOOKMARK [1][-]{section.12}{\376\377\000D\000i\000s\000c\000u\000s\000s\000i\000o\000n\000:\000\040\000C\000l\000o\000s\000u\000r\000e\000\040\000a\000s\000\040\000E\000p\000i\000s\000t\000e\000m\000o\000l\000o\000g\000y}{}% 53
\BOOKMARK [1][-]{section.13}{\376\377\000C\000o\000n\000c\000l\000u\000s\000i\000o\000n}{}% 54
\BOOKMARK [1][-]{appendix.A}{\376\377\000F\000r\000\351\000c\000h\000e\000t\000\040\000M\000a\000n\000i\000f\000o\000l\000d\000\040\000S\000t\000r\000u\000c\000t\000u\000r\000e\000\040\000o\000f\000\040\000X}{}% 55
\BOOKMARK [1][-]{appendix.B}{\376\377\000F\000u\000l\000l\000\040\000P\000r\000o\000o\000f\000\040\000o\000f\000\040\000t\000h\000e\000\040\000I\000d\000e\000n\000t\000i\000f\000i\000a\000b\000i\000l\000i\000t\000y\000\040\000T\000h\000e\000o\000r\000e\000m}{}% 56
\BOOKMARK [2][-]{subsection.B.1}{\376\377\000F\000u\000n\000c\000t\000i\000o\000n\000a\000l\000-\000A\000n\000a\000l\000y\000t\000i\000c\000\040\000S\000e\000t\000t\000i\000n\000g}{appendix.B}% 57
\BOOKMARK [2][-]{subsection.B.2}{\376\377\000E\000x\000i\000s\000t\000e\000n\000c\000e\000\040\000o\000f\000\040\000a\000\040\000M\000i\000n\000i\000m\000i\000z\000e\000r}{appendix.B}% 58
\BOOKMARK [2][-]{subsection.B.3}{\376\377\000U\000n\000i\000q\000u\000e\000n\000e\000s\000s\000\040\000o\000f\000\040\000t\000h\000e\000\040\000M\000i\000n\000i\000m\000i\000z\000e\000r}{appendix.B}% 59
\BOOKMARK [2][-]{subsection.B.4}{\376\377\000P\000a\000s\000s\000a\000g\000e\000\040\000t\000o\000\040\000t\000h\000e\000\040\000Q\000u\000o\000t\000i\000e\000n\000t}{appendix.B}% 60
\BOOKMARK [2][-]{subsection.B.5}{\376\377\000F\000u\000l\000l\000\040\000P\000r\000o\000o\000f\000\040\000o\000f\000\040\000T\000h\000e\000o\000r\000e\000m\000\040\0006\000.\0001\0001}{appendix.B}% 61
\BOOKMARK [1][-]{appendix.C}{\376\377\000F\000u\000l\000l\000\040\000P\000r\000o\000o\000f\000\040\000o\000f\000\040\000t\000h\000e\000\040\000D\000y\000n\000a\000m\000i\000c\000a\000l\000\040\000D\000i\000s\000a\000m\000b\000i\000g\000u\000a\000t\000i\000o\000n\000\040\000T\000h\000e\000o\000r\000e\000m}{}% 62
\BOOKMARK [2][-]{subsection.C.1}{\376\377\000M\000e\000a\000s\000u\000r\000e\000-\000T\000h\000e\000o\000r\000e\000t\000i\000c\000\040\000F\000r\000a\000m\000e\000w\000o\000r\000k}{appendix.C}% 63
\BOOKMARK [2][-]{subsection.C.2}{\376\377\000C\000o\000n\000v\000e\000r\000g\000e\000n\000c\000e\000\040\000t\000o\000\040\000t\000h\000e\000\040\000D\000e\000t\000e\000r\000m\000i\000n\000i\000s\000t\000i\000c\000\040\000G\000e\000n\000e\000r\000a\000t\000o\000r}{appendix.C}% 64
\BOOKMARK [2][-]{subsection.C.3}{\376\377\000S\000t\000a\000b\000i\000l\000i\000t\000y\000\040\000o\000f\000\040\000T\000r\000a\000j\000e\000c\000t\000o\000r\000y\000\040\000S\000e\000p\000a\000r\000a\000t\000i\000o\000n\000\040\000U\000n\000d\000e\000r\000\040\000N\000o\000i\000s\000e}{appendix.C}% 65
\BOOKMARK [2][-]{subsection.C.4}{\376\377\000F\000u\000l\000l\000\040\000P\000r\000o\000o\000f\000\040\000o\000f\000\040\000T\000h\000e\000o\000r\000e\000m\000\040\0007\000.\0001\0000}{appendix.C}% 66
\BOOKMARK [1][-]{appendix.D}{\376\377\000F\000i\000s\000h\000e\000r\000\040\000I\000n\000f\000o\000r\000m\000a\000t\000i\000o\000n\000\040\000G\000e\000o\000m\000e\000t\000r\000y\000\040\000o\000f\000\040\000t\000h\000e\000\040\000F\000e\000a\000s\000i\000b\000l\000e\000\040\000S\000e\000t}{}% 67
\BOOKMARK [2][-]{subsection.D.1}{\376\377\000P\000u\000r\000p\000o\000s\000e\000\040\000a\000n\000d\000\040\000P\000o\000s\000i\000t\000i\000o\000n}{appendix.D}% 68
\BOOKMARK [2][-]{subsection.D.2}{\376\377\000O\000b\000s\000e\000r\000v\000a\000t\000i\000o\000n\000\040\000L\000i\000k\000e\000l\000i\000h\000o\000o\000d\000\040\000o\000n\000\040\000t\000h\000e\000\040\000Q\000u\000o\000t\000i\000e\000n\000t\000\040\000S\000p\000a\000c\000e}{appendix.D}% 69
\BOOKMARK [2][-]{subsection.D.3}{\376\377\000T\000h\000e\000\040\000F\000i\000s\000h\000e\000r\000\040\000I\000n\000f\000o\000r\000m\000a\000t\000i\000o\000n\000\040\000M\000e\000t\000r\000i\000c}{appendix.D}% 70
\BOOKMARK [2][-]{subsection.D.4}{\376\377\000M\000e\000t\000r\000i\000c\000\040\000M\000o\000n\000o\000t\000o\000n\000i\000c\000i\000t\000y\000\040\000U\000n\000d\000e\000r\000\040\000S\000e\000n\000s\000o\000r\000\040\000A\000d\000d\000i\000t\000i\000o\000n}{appendix.D}% 71
\BOOKMARK [2][-]{subsection.D.5}{\376\377\000R\000e\000s\000t\000r\000i\000c\000t\000i\000o\000n\000\040\000t\000o\000\040\000t\000h\000e\000\040\000F\000e\000a\000s\000i\000b\000l\000e\000\040\000S\000e\000t}{appendix.D}% 72
\BOOKMARK [2][-]{subsection.D.6}{\376\377\000D\000y\000n\000a\000m\000i\000c\000a\000l\000\040\000L\000i\000f\000t\000i\000n\000g\000\040\000o\000f\000\040\000N\000u\000l\000l\000\040\000D\000i\000r\000e\000c\000t\000i\000o\000n\000s}{appendix.D}% 73
\BOOKMARK [2][-]{subsection.D.7}{\376\377\000C\000l\000o\000s\000u\000r\000e\000\040\000a\000s\000\040\000V\000a\000n\000i\000s\000h\000i\000n\000g\000\040\000I\000n\000f\000o\000r\000m\000a\000t\000i\000o\000n\000\040\000V\000o\000l\000u\000m\000e}{appendix.D}% 74
\BOOKMARK [2][-]{subsection.D.8}{\376\377\000R\000e\000c\000o\000n\000s\000t\000r\000u\000c\000t\000i\000o\000n\000\040\000E\000f\000f\000i\000c\000i\000e\000n\000c\000y}{appendix.D}% 75
\BOOKMARK [2][-]{subsection.D.9}{\376\377\000T\000h\000e\000\040\000E\000f\000f\000e\000c\000t\000i\000v\000e\000\040\000M\000e\000t\000r\000i\000c\000\040\000N\000e\000a\000r\000\040\000C\000l\000o\000s\000u\000r\000e}{appendix.D}% 76
\BOOKMARK [2][-]{subsection.D.10}{\376\377\000E\000n\000t\000r\000o\000p\000y\000\040\000I\000d\000e\000n\000t\000i\000f\000i\000c\000a\000t\000i\000o\000n}{appendix.D}% 77
\BOOKMARK [1][-]{appendix.E}{\376\377\000O\000p\000e\000r\000a\000t\000o\000r\000\040\000C\000l\000a\000s\000s\000\040\000L\000i\000b\000r\000a\000r\000y}{}% 78
\BOOKMARK [1][-]{appendix.F}{\376\377\000I\000m\000p\000l\000e\000m\000e\000n\000t\000a\000t\000i\000o\000n\000\040\000F\000i\000l\000e\000\040\000S\000t\000r\000u\000c\000t\000u\000r\000e}{}% 79
\BOOKMARK [2][-]{subsection.F.1}{\376\377\000S\000t\000r\000u\000c\000t\000u\000r\000a\000l\000\040\000O\000v\000e\000r\000v\000i\000e\000w}{appendix.F}% 80
\BOOKMARK [2][-]{subsection.F.2}{\376\377\000C\000o\000r\000e\000\040\000I\000n\000f\000r\000a\000s\000t\000r\000u\000c\000t\000u\000r\000e}{appendix.F}% 81
\BOOKMARK [2][-]{subsection.F.3}{\376\377\000S\000t\000a\000t\000e\000\040\000L\000a\000y\000e\000r}{appendix.F}% 82
\BOOKMARK [2][-]{subsection.F.4}{\376\377\000L\000o\000g\000\040\000L\000a\000y\000e\000r}{appendix.F}% 83
\BOOKMARK [2][-]{subsection.F.5}{\376\377\000M\000o\000r\000p\000h\000i\000s\000m\000\040\000L\000a\000y\000e\000r}{appendix.F}% 84
\BOOKMARK [2][-]{subsection.F.6}{\376\377\000C\000o\000n\000t\000r\000o\000l\000l\000e\000r\000\040\000L\000a\000y\000e\000r}{appendix.F}% 85
\BOOKMARK [2][-]{subsection.F.7}{\376\377\000E\000n\000g\000i\000n\000e\000\040\000L\000a\000y\000e\000r}{appendix.F}% 86
\BOOKMARK [2][-]{subsection.F.8}{\376\377\000C\000o\000r\000r\000e\000s\000p\000o\000n\000d\000e\000n\000c\000e\000\040\000t\000o\000\040\000t\000h\000e\000\040\000T\000h\000e\000o\000r\000e\000t\000i\000c\000a\000l\000\040\000F\000r\000a\000m\000e\000w\000o\000r\000k}{appendix.F}% 87
